  RPG.cpp
C:\Users\GioScottiGroyper\Source\Repos\RPH_JPRO\RPG\RPG.cpp(174,28): warning C4244: "=": konwersja z "int" do "float", możliwa utrata danych
C:\Users\GioScottiGroyper\Source\Repos\RPH_JPRO\RPG\RPG.cpp(239,49): warning C4244: "=": konwersja z "double" do "int", możliwa utrata danych
C:\Users\GioScottiGroyper\Source\Repos\RPH_JPRO\RPG\RPG.cpp(241,50): warning C4244: "=": konwersja z "double" do "int", możliwa utrata danych
C:\Users\GioScottiGroyper\Source\Repos\RPH_JPRO\RPG\RPG.cpp(243,49): warning C4244: "=": konwersja z "double" do "int", możliwa utrata danych
C:\Users\GioScottiGroyper\Source\Repos\RPH_JPRO\RPG\RPG.cpp(245,60): warning C4244: "=": konwersja z "double" do "int", możliwa utrata danych
C:\Users\GioScottiGroyper\Source\Repos\RPH_JPRO\RPG\RPG.cpp(247,50): warning C4244: "=": konwersja z "double" do "int", możliwa utrata danych
C:\Users\GioScottiGroyper\Source\Repos\RPH_JPRO\RPG\RPG.cpp(248,60): warning C4244: "=": konwersja z "double" do "int", możliwa utrata danych
C:\Users\GioScottiGroyper\Source\Repos\RPH_JPRO\RPG\RPG.cpp(249,49): warning C4244: "=": konwersja z "double" do "int", możliwa utrata danych
C:\Users\GioScottiGroyper\Source\Repos\RPH_JPRO\RPG\RPG.cpp(250,50): warning C4244: "=": konwersja z "double" do "int", możliwa utrata danych
C:\Users\GioScottiGroyper\Source\Repos\RPH_JPRO\RPG\RPG.cpp(251,49): warning C4244: "=": konwersja z "double" do "int", możliwa utrata danych
C:\Users\GioScottiGroyper\Source\Repos\RPH_JPRO\RPG\RPG.cpp(252,58): warning C4244: "=": konwersja z "double" do "int", możliwa utrata danych
C:\Users\GioScottiGroyper\Source\Repos\RPH_JPRO\RPG\RPG.cpp(255,58): warning C4244: "=": konwersja z "double" do "int", możliwa utrata danych
C:\Users\GioScottiGroyper\Source\Repos\RPH_JPRO\RPG\RPG.cpp(259,20): warning C4244: "=": konwersja z "double" do "int", możliwa utrata danych
C:\Users\GioScottiGroyper\Source\Repos\RPH_JPRO\RPG\RPG.cpp(260,22): warning C4244: "=": konwersja z "double" do "int", możliwa utrata danych
C:\Users\GioScottiGroyper\Source\Repos\RPH_JPRO\RPG\RPG.cpp(261,21): warning C4244: "=": konwersja z "double" do "int", możliwa utrata danych
C:\Users\GioScottiGroyper\Source\Repos\RPH_JPRO\RPG\RPG.cpp(262,42): warning C4244: "=": konwersja z "double" do "int", możliwa utrata danych
C:\Users\GioScottiGroyper\Source\Repos\RPH_JPRO\RPG\RPG.cpp(263,38): warning C4244: "=": konwersja z "double" do "int", możliwa utrata danych
C:\Users\GioScottiGroyper\Source\Repos\RPH_JPRO\RPG\RPG.cpp(266,25): warning C4244: "=": konwersja z "double" do "int", możliwa utrata danych
C:\Users\GioScottiGroyper\Source\Repos\RPH_JPRO\RPG\RPG.cpp(267,27): warning C4244: "=": konwersja z "double" do "int", możliwa utrata danych
C:\Users\GioScottiGroyper\Source\Repos\RPH_JPRO\RPG\RPG.cpp(268,26): warning C4244: "=": konwersja z "double" do "int", możliwa utrata danych
C:\Users\GioScottiGroyper\Source\Repos\RPH_JPRO\RPG\RPG.cpp(269,47): warning C4244: "=": konwersja z "double" do "int", możliwa utrata danych
C:\Users\GioScottiGroyper\Source\Repos\RPH_JPRO\RPG\RPG.cpp(270,43): warning C4244: "=": konwersja z "double" do "int", możliwa utrata danych
C:\Users\GioScottiGroyper\Source\Repos\RPH_JPRO\RPG\RPG.cpp(273,25): warning C4244: "=": konwersja z "double" do "int", możliwa utrata danych
C:\Users\GioScottiGroyper\Source\Repos\RPH_JPRO\RPG\RPG.cpp(274,27): warning C4244: "=": konwersja z "double" do "int", możliwa utrata danych
C:\Users\GioScottiGroyper\Source\Repos\RPH_JPRO\RPG\RPG.cpp(275,26): warning C4244: "=": konwersja z "double" do "int", możliwa utrata danych
C:\Users\GioScottiGroyper\Source\Repos\RPH_JPRO\RPG\RPG.cpp(276,47): warning C4244: "=": konwersja z "double" do "int", możliwa utrata danych
C:\Users\GioScottiGroyper\Source\Repos\RPH_JPRO\RPG\RPG.cpp(277,43): warning C4244: "=": konwersja z "double" do "int", możliwa utrata danych
C:\Users\GioScottiGroyper\Source\Repos\RPH_JPRO\RPG\RPG.cpp(454,33): warning C4244: "=": konwersja z "double" do "int", możliwa utrata danych
C:\Users\GioScottiGroyper\Source\Repos\RPH_JPRO\RPG\RPG.cpp(479,39): warning C4244: "=": konwersja z "double" do "int", możliwa utrata danych
C:\Users\GioScottiGroyper\Source\Repos\RPH_JPRO\RPG\RPG.cpp(480,12): warning C4473: „printf”: przekazano niewystarczającą liczbę argumentów dla ciągu formatowania
C:\Users\GioScottiGroyper\Source\Repos\RPH_JPRO\RPG\RPG.cpp(480,12): message : symbole zastępcze i ich parametry oczekują 1 argumentów ze zmienną liczbą argumentów, ale podano następującą liczbę zmiennych argumentów: 0
C:\Users\GioScottiGroyper\Source\Repos\RPH_JPRO\RPG\RPG.cpp(480,12): message : brakujący argument 1 o zmiennej liczbie parametrów jest wymagany w ciągu formatu „%d”
C:\Users\GioScottiGroyper\Source\Repos\RPH_JPRO\RPG\RPG.cpp(507,39): warning C4244: "=": konwersja z "double" do "int", możliwa utrata danych
C:\Users\GioScottiGroyper\Source\Repos\RPH_JPRO\RPG\RPG.cpp(515,90): warning C4244: "=": konwersja z "double" do "int", możliwa utrata danych
C:\Users\GioScottiGroyper\Source\Repos\RPH_JPRO\RPG\RPG.cpp(516,105): warning C4244: "=": konwersja z "double" do "int", możliwa utrata danych
C:\Users\GioScottiGroyper\Source\Repos\RPH_JPRO\RPG\RPG.cpp(517,105): warning C4244: "=": konwersja z "double" do "int", możliwa utrata danych
C:\Users\GioScottiGroyper\Source\Repos\RPH_JPRO\RPG\RPG.cpp(518,105): warning C4244: "=": konwersja z "double" do "int", możliwa utrata danych
C:\Users\GioScottiGroyper\Source\Repos\RPH_JPRO\RPG\RPG.cpp(519,72): warning C4244: "=": konwersja z "double" do "int", możliwa utrata danych
C:\Users\GioScottiGroyper\Source\Repos\RPH_JPRO\RPG\RPG.cpp(524,78): warning C4244: "=": konwersja z "double" do "int", możliwa utrata danych
C:\Users\GioScottiGroyper\Source\Repos\RPH_JPRO\RPG\RPG.cpp(525,93): warning C4244: "=": konwersja z "double" do "int", możliwa utrata danych
C:\Users\GioScottiGroyper\Source\Repos\RPH_JPRO\RPG\RPG.cpp(526,93): warning C4244: "=": konwersja z "double" do "int", możliwa utrata danych
C:\Users\GioScottiGroyper\Source\Repos\RPH_JPRO\RPG\RPG.cpp(527,93): warning C4244: "=": konwersja z "double" do "int", możliwa utrata danych
C:\Users\GioScottiGroyper\Source\Repos\RPH_JPRO\RPG\RPG.cpp(528,44): warning C4244: "=": konwersja z "double" do "int", możliwa utrata danych
C:\Users\GioScottiGroyper\Source\Repos\RPH_JPRO\RPG\RPG.cpp(532,33): warning C4244: "=": konwersja z "double" do "int", możliwa utrata danych
C:\Users\GioScottiGroyper\Source\Repos\RPH_JPRO\RPG\RPG.cpp(542,88): warning C4244: "=": konwersja z "double" do "int", możliwa utrata danych
C:\Users\GioScottiGroyper\Source\Repos\RPH_JPRO\RPG\RPG.cpp(543,102): warning C4244: "=": konwersja z "double" do "int", możliwa utrata danych
C:\Users\GioScottiGroyper\Source\Repos\RPH_JPRO\RPG\RPG.cpp(544,102): warning C4244: "=": konwersja z "double" do "int", możliwa utrata danych
C:\Users\GioScottiGroyper\Source\Repos\RPH_JPRO\RPG\RPG.cpp(545,102): warning C4244: "=": konwersja z "double" do "int", możliwa utrata danych
C:\Users\GioScottiGroyper\Source\Repos\RPH_JPRO\RPG\RPG.cpp(546,89): warning C4244: "=": konwersja z "double" do "int", możliwa utrata danych
C:\Users\GioScottiGroyper\Source\Repos\RPH_JPRO\RPG\RPG.cpp(551,78): warning C4244: "=": konwersja z "double" do "int", możliwa utrata danych
C:\Users\GioScottiGroyper\Source\Repos\RPH_JPRO\RPG\RPG.cpp(552,93): warning C4244: "=": konwersja z "double" do "int", możliwa utrata danych
C:\Users\GioScottiGroyper\Source\Repos\RPH_JPRO\RPG\RPG.cpp(553,93): warning C4244: "=": konwersja z "double" do "int", możliwa utrata danych
C:\Users\GioScottiGroyper\Source\Repos\RPH_JPRO\RPG\RPG.cpp(554,93): warning C4244: "=": konwersja z "double" do "int", możliwa utrata danych
C:\Users\GioScottiGroyper\Source\Repos\RPH_JPRO\RPG\RPG.cpp(555,44): warning C4244: "=": konwersja z "double" do "int", możliwa utrata danych
C:\Users\GioScottiGroyper\Source\Repos\RPH_JPRO\RPG\RPG.cpp(559,39): warning C4244: "=": konwersja z "double" do "int", możliwa utrata danych
C:\Users\GioScottiGroyper\Source\Repos\RPH_JPRO\RPG\RPG.cpp(560,12): warning C4473: „printf”: przekazano niewystarczającą liczbę argumentów dla ciągu formatowania
C:\Users\GioScottiGroyper\Source\Repos\RPH_JPRO\RPG\RPG.cpp(560,12): message : symbole zastępcze i ich parametry oczekują 1 argumentów ze zmienną liczbą argumentów, ale podano następującą liczbę zmiennych argumentów: 0
C:\Users\GioScottiGroyper\Source\Repos\RPH_JPRO\RPG\RPG.cpp(560,12): message : brakujący argument 1 o zmiennej liczbie parametrów jest wymagany w ciągu formatu „%d”
C:\Users\GioScottiGroyper\Source\Repos\RPH_JPRO\RPG\RPG.cpp(567,87): warning C4244: "=": konwersja z "double" do "int", możliwa utrata danych
C:\Users\GioScottiGroyper\Source\Repos\RPH_JPRO\RPG\RPG.cpp(568,105): warning C4244: "=": konwersja z "double" do "int", możliwa utrata danych
C:\Users\GioScottiGroyper\Source\Repos\RPH_JPRO\RPG\RPG.cpp(569,105): warning C4244: "=": konwersja z "double" do "int", możliwa utrata danych
C:\Users\GioScottiGroyper\Source\Repos\RPH_JPRO\RPG\RPG.cpp(570,105): warning C4244: "=": konwersja z "double" do "int", możliwa utrata danych
C:\Users\GioScottiGroyper\Source\Repos\RPH_JPRO\RPG\RPG.cpp(571,72): warning C4244: "=": konwersja z "double" do "int", możliwa utrata danych
C:\Users\GioScottiGroyper\Source\Repos\RPH_JPRO\RPG\RPG.cpp(576,78): warning C4244: "=": konwersja z "double" do "int", możliwa utrata danych
C:\Users\GioScottiGroyper\Source\Repos\RPH_JPRO\RPG\RPG.cpp(577,93): warning C4244: "=": konwersja z "double" do "int", możliwa utrata danych
C:\Users\GioScottiGroyper\Source\Repos\RPH_JPRO\RPG\RPG.cpp(578,93): warning C4244: "=": konwersja z "double" do "int", możliwa utrata danych
C:\Users\GioScottiGroyper\Source\Repos\RPH_JPRO\RPG\RPG.cpp(579,93): warning C4244: "=": konwersja z "double" do "int", możliwa utrata danych
C:\Users\GioScottiGroyper\Source\Repos\RPH_JPRO\RPG\RPG.cpp(580,44): warning C4244: "=": konwersja z "double" do "int", możliwa utrata danych
C:\Users\GioScottiGroyper\Source\Repos\RPH_JPRO\RPG\RPG.cpp(584,33): warning C4244: "=": konwersja z "double" do "int", możliwa utrata danych
C:\Users\GioScottiGroyper\Source\Repos\RPH_JPRO\RPG\RPG.cpp(650,10): warning C4473: „scanf_s”: przekazano niewystarczającą liczbę argumentów dla ciągu formatowania
C:\Users\GioScottiGroyper\Source\Repos\RPH_JPRO\RPG\RPG.cpp(650,10): message : symbole zastępcze i ich parametry oczekują 2 argumentów ze zmienną liczbą argumentów, ale podano następującą liczbę zmiennych argumentów: 1
C:\Users\GioScottiGroyper\Source\Repos\RPH_JPRO\RPG\RPG.cpp(650,10): message : brakujący argument 2 o zmiennej liczbie parametrów jest wymagany w ciągu formatu „%s”
C:\Users\GioScottiGroyper\Source\Repos\RPH_JPRO\RPG\RPG.cpp(650,10): message : ten argument jest używany jako rozmiar bufora
C:\Users\GioScottiGroyper\Source\Repos\RPH_JPRO\RPG\RPG.cpp(690,16): warning C4244: "inicjowanie": konwersja z "double" do "int", możliwa utrata danych
C:\Users\GioScottiGroyper\Source\Repos\RPH_JPRO\RPG\RPG.cpp(1007,11): warning C4477: „printf”: ciąg formatu „%d” wymaga argumentu typu „int”, ale argument 2 ze zmienną liczbą argumentów ma typ „double”
C:\Users\GioScottiGroyper\Source\Repos\RPH_JPRO\RPG\RPG.cpp(1056,3): warning C4477: „printf”: ciąg formatu „%d” wymaga argumentu typu „int”, ale argument 1 ze zmienną liczbą argumentów ma typ „double”
C:\Users\GioScottiGroyper\Source\Repos\RPH_JPRO\RPG\RPG.cpp(1270,12): warning C4244: "argument": konwersja z "time_t" do "unsigned int", możliwa utrata danych
C:\Users\GioScottiGroyper\Source\Repos\RPH_JPRO\RPG\RPG.cpp(1313,11): warning C4473: „scanf_s”: przekazano niewystarczającą liczbę argumentów dla ciągu formatowania
C:\Users\GioScottiGroyper\Source\Repos\RPH_JPRO\RPG\RPG.cpp(1313,11): message : symbole zastępcze i ich parametry oczekują 2 argumentów ze zmienną liczbą argumentów, ale podano następującą liczbę zmiennych argumentów: 1
C:\Users\GioScottiGroyper\Source\Repos\RPH_JPRO\RPG\RPG.cpp(1313,11): message : brakujący argument 2 o zmiennej liczbie parametrów jest wymagany w ciągu formatu „%c”
C:\Users\GioScottiGroyper\Source\Repos\RPH_JPRO\RPG\RPG.cpp(1313,11): message : ten argument jest używany jako rozmiar bufora
C:\Users\GioScottiGroyper\Source\Repos\RPH_JPRO\RPG\RPG.cpp(1319,13): warning C4473: „scanf_s”: przekazano niewystarczającą liczbę argumentów dla ciągu formatowania
C:\Users\GioScottiGroyper\Source\Repos\RPH_JPRO\RPG\RPG.cpp(1319,13): message : symbole zastępcze i ich parametry oczekują 2 argumentów ze zmienną liczbą argumentów, ale podano następującą liczbę zmiennych argumentów: 1
C:\Users\GioScottiGroyper\Source\Repos\RPH_JPRO\RPG\RPG.cpp(1319,13): message : brakujący argument 2 o zmiennej liczbie parametrów jest wymagany w ciągu formatu „%c”
C:\Users\GioScottiGroyper\Source\Repos\RPH_JPRO\RPG\RPG.cpp(1319,13): message : ten argument jest używany jako rozmiar bufora
  RPG.vcxproj -> C:\Users\GioScottiGroyper\source\repos\RPH_JPRO\RPG\x64\Debug\RPG.exe
